error: no rules expected the token `deprecated`
 --> tests/it/api/ui/deprecated-without-added.rs:9:16
  |
9 |         1.1 => deprecated,
  |                ^^^^^^^^^^ no rules expected this token in macro call
  |
  = note: while trying to match sequence start
