error: no event type attribute found, add `#[ruma_event(type = "any.room.event", kind = Kind)]` below the event content derive
 --> tests/events/ui/03-invalid-event-type.rs:4:48
  |
4 | #[derive(Clone, Debug, Deserialize, Serialize, EventContent)]
  |                                                ^^^^^^^^^^^^
  |
  = note: this error originates in the derive macro `EventContent` (in Nightly builds, run with -Z macro-backtrace for more info)

error: expected one of: `type`, `kind`, `custom_redacted`, `state_key_type`, `alias`
  --> tests/events/ui/03-invalid-event-type.rs:11:14
   |
11 | #[ruma_event(event = "m.macro.test", kind = State)]
   |              ^^^^^

error: cannot find attribute `not_ruma_event` in this scope
 --> tests/events/ui/03-invalid-event-type.rs:5:3
  |
5 | #[not_ruma_event(type = "m.macro.test", kind = State)]
  |   ^^^^^^^^^^^^^^ help: a derive helper attribute with a similar name exists: `ruma_event`
