error: the `Event` derive only supports structs with named fields
 --> tests/events/ui/05-named-fields.rs:6:12
  |
6 | pub struct OriginalStateEvent<C: StateEventContent>(C);
  |            ^^^^^^^^^^^^^^^^^^
