error: no event type attribute found, add `#[ruma_event(type = "any.room.event", kind = Kind)]` below the event content derive
 --> tests/it/ui/02-no-event-type.rs:6:48
  |
6 | #[derive(Clone, Debug, Deserialize, Serialize, EventContent)]
  |                                                ^^^^^^^^^^^^
  |
  = note: this error originates in the derive macro `EventContent` (in Nightly builds, run with -Z macro-backtrace for more info)
