---
source: crates/ruma-signatures/tests/tests.rs
expression: signature
---
k9EFMDj9rmGt+BECNS1U/bU39/Bqc7Rm/U7PzQNk7DHFAYM8EK3lJTQr1R6hZxTHNtJuiRFDZYwBPzRgs54SDg
